Test basarili! Sistem saat gibi calisiyor.